[36mvite v5.4.21 [32mbuilding for production...[36m[39m
transforming...
[32mÔ£ô[39m 36 modules transformed.
node.exe : 
[31mx[39m Build 
failed in 3.77s
No linha:1 
caractere:1
+ & "C:\Program Files
\nodejs/node.exe" 
"C:\Program 
Files\nodejs/node_mo 
...
+ ~~~~~~~~~~~~~~~~~~~
~~~~~~~~~~~~~~~~~~~~~
~~~~~~~~~~~~~~~~~~~~~
~~~~~~~~
    + CategoryInfo   
           : NotSpe  
  cified: ([31mx   
 [39m Build faile    
d in 3.77s:Strin    
g) [], RemoteExc    
eption
    + FullyQualified 
   ErrorId : Native  
  CommandError
 
[31merror during 
build:
[31m[vite-plugin-pwa
:build] [plugin vite-
plugin-pwa:build] src
/pages/crm/comercial/
ComercialDashboard.ts
x (288:24): There 
was an error during 
the build:
  Transform failed 
with 1 error:
C:/Users/reginaldo.ma
zaro/OneDrive - 
Skinstore S.A/Documen
tos/GitHub/ecomedbeau
ty-main/src/pages/crm
/comercial/ComercialD
ashboard.tsx:288:24: 
ERROR: Unexpected 
closing 
"VillageSelect" tag 
does not match 
opening "Select" tag
Additionally, 
handling the error 
in the 'buildEnd' 
hook caused the 
following error:
  Transform failed 
with 1 error:
C:/Users/reginaldo.ma
zaro/OneDrive - 
Skinstore S.A/Documen
tos/GitHub/ecomedbeau
ty-main/src/pages/crm
/comercial/ComercialD
ashboard.tsx:288:24: 
ERROR: Unexpected 
closing 
"VillageSelect" tag 
does not match 
opening "Select" 
tag[31m
file: [36mC:/Users/r
eginaldo.mazaro/OneDr
ive - Skinstore S.A/D
ocumentos/GitHub/ecom
edbeauty-main/src/pag
es/crm/comercial/Come
rcialDashboard.tsx:28
8:24[31m
[33m
[33mUnexpected 
closing 
"VillageSelect" tag 
does not match 
opening "Select" 
tag[33m
286|                 
           
<SelectItem value="ot
her">Outro</SelectIte
m>
287|                 
         
</SelectContent>
288|                 
       
</VillageSelect>
   |                 
         ^
289|                 
     </div>
290|                 
   </div>
[31m
    at 
getRollupError (file:
///C:/Users/reginaldo
.mazaro/OneDrive%20-%
20Skinstore%20S.A/Doc
umentos/GitHub/ecomed
beauty-main/node_modu
les/rollup/dist/es/sh
ared/parseAst.js:402:
41)
    at file:///C:/Use
rs/reginaldo.mazaro/O
neDrive%20-%20Skinsto
re%20S.A/Documentos/G
itHub/ecomedbeauty-ma
in/node_modules/rollu
p/dist/es/shared/node
-entry.js:23444:39
    at process.proces
sTicksAndRejections (
node:internal/process
/task_queues:103:5)
    at async catchUnf
inishedHookActions (f
ile:///C:/Users/regin
aldo.mazaro/OneDrive%
20-%20Skinstore%20S.A
/Documentos/GitHub/ec
omedbeauty-main/node_
modules/rollup/dist/e
s/shared/node-entry.j
s:22902:16)
    at async 
rollupInternal (file:
///C:/Users/reginaldo
.mazaro/OneDrive%20-%
20Skinstore%20S.A/Doc
umentos/GitHub/ecomed
beauty-main/node_modu
les/rollup/dist/es/sh
ared/node-entry.js:23
427:5)
    at async build (f
ile:///C:/Users/regin
aldo.mazaro/OneDrive%
20-%20Skinstore%20S.A
/Documentos/GitHub/ec
omedbeauty-main/node_
modules/vite/dist/nod
e/chunks/dep-BK3b2jBa
.js:65709:14)
    at async 
CAC.<anonymous> (file
:///C:/Users/reginald
o.mazaro/OneDrive%20-
%20Skinstore%20S.A/Do
cumentos/GitHub/ecome
dbeauty-main/node_mod
ules/vite/dist/node/c
li.js:829:5)[39m
